// Jest Snapshot v1, https://goo.gl/fbAQLP

exports[`amplify-auth-container spec: Render logic -> should render with an empty slot 1`] = `
<amplify-auth-container>
  <!---->
  <form autocomplete="on" hidden="">
    <input name="username">
    <input name="password" type="password">
    <input type="submit">
  </form>
</amplify-auth-container>
`;
