// Jest Snapshot v1, https://goo.gl/fbAQLP

exports[`amplify-label spec: Render logic -> should render a label by default 1`] = `
<amplify-label>
  <!---->
  <label class="label"></label>
</amplify-label>
`;

exports[`amplify-label spec: Render logic -> should render only class \`amplify-ui--label\` 1`] = `
<amplify-label>
  <!---->
  <label class="label"></label>
</amplify-label>
`;
